nftset=/4pda.ru/4#inet#fw4#vpn_domains
nftset=/4pda.to/4#inet#fw4#vpn_domains
nftset=/4pna.com/4#inet#fw4#vpn_domains
nftset=/adobe.com/4#inet#fw4#vpn_domains
nftset=/adobe.io/4#inet#fw4#vpn_domains
nftset=/amd.com/4#inet#fw4#vpn_domains
nftset=/anidub.com/4#inet#fw4#vpn_domains
nftset=/anilibria.tv/4#inet#fw4#vpn_domains
nftset=/bard.google.com/4#inet#fw4#vpn_domains
nftset=/chatgpt.com/4#inet#fw4#vpn_domains
nftset=/cisco.com/4#inet#fw4#vpn_domains
nftset=/citrix.com/4#inet#fw4#vpn_domains
nftset=/coldfilm.xyz/4#inet#fw4#vpn_domains
nftset=/cyxymu.info/4#inet#fw4#vpn_domains
nftset=/daemon-tools.cc/4#inet#fw4#vpn_domains
nftset=/dell.com/4#inet#fw4#vpn_domains
nftset=/discord-activities.com/4#inet#fw4#vpn_domains
nftset=/discord-attachments-uploads-prd.storage.googleapis.com/4#inet#fw4#vpn_domains
nftset=/discord.co/4#inet#fw4#vpn_domains
nftset=/discord.com/4#inet#fw4#vpn_domains
nftset=/discord.design/4#inet#fw4#vpn_domains
nftset=/discord.dev/4#inet#fw4#vpn_domains
nftset=/discord.gg/4#inet#fw4#vpn_domains
nftset=/discord.gift/4#inet#fw4#vpn_domains
nftset=/discord.gifts/4#inet#fw4#vpn_domains
nftset=/discord.media/4#inet#fw4#vpn_domains
nftset=/discord.new/4#inet#fw4#vpn_domains
nftset=/discord.store/4#inet#fw4#vpn_domains
nftset=/discord.tools/4#inet#fw4#vpn_domains
nftset=/discordactivities.com/4#inet#fw4#vpn_domains
nftset=/discordapp.com/4#inet#fw4#vpn_domains
nftset=/discordapp.io/4#inet#fw4#vpn_domains
nftset=/discordapp.net/4#inet#fw4#vpn_domains
nftset=/discordapp.org/4#inet#fw4#vpn_domains
nftset=/discordmerch.com/4#inet#fw4#vpn_domains
nftset=/discordpartygames.com/4#inet#fw4#vpn_domains
nftset=/discordsays.com/4#inet#fw4#vpn_domains
nftset=/discordstatus.com/4#inet#fw4#vpn_domains
nftset=/discours.io/4#inet#fw4#vpn_domains
nftset=/facebook.com/4#inet#fw4#vpn_domains
nftset=/facebook.net/4#inet#fw4#vpn_domains
nftset=/filmix.ac/4#inet#fw4#vpn_domains
nftset=/filmix.biz/4#inet#fw4#vpn_domains
nftset=/filmix.fm/4#inet#fw4#vpn_domains
nftset=/flibusta.is/4#inet#fw4#vpn_domains
nftset=/geforcenow.com/4#inet#fw4#vpn_domains
nftset=/gnome-look.org/4#inet#fw4#vpn_domains
nftset=/hdrezka.ac/4#inet#fw4#vpn_domains
nftset=/hdrezka.ag/4#inet#fw4#vpn_domains
nftset=/huawei.com/4#inet#fw4#vpn_domains
nftset=/ibm.com/4#inet#fw4#vpn_domains
nftset=/instagram.com/4#inet#fw4#vpn_domains
nftset=/intel.com/4#inet#fw4#vpn_domains
nftset=/intel.de/4#inet#fw4#vpn_domains
nftset=/kino.pub/4#inet#fw4#vpn_domains
nftset=/kinobase.org/4#inet#fw4#vpn_domains
nftset=/kinogo.la/4#inet#fw4#vpn_domains
nftset=/kinokopilka.pro/4#inet#fw4#vpn_domains
nftset=/kinovod.net/4#inet#fw4#vpn_domains
nftset=/kinozal.guru/4#inet#fw4#vpn_domains
nftset=/kinozal.me/4#inet#fw4#vpn_domains
nftset=/kinozal.tv/4#inet#fw4#vpn_domains
nftset=/lenovo.com/4#inet#fw4#vpn_domains
nftset=/linkedin.com/4#inet#fw4#vpn_domains
nftset=/linktr.ee/4#inet#fw4#vpn_domains
nftset=/lostfilm.run/4#inet#fw4#vpn_domains
nftset=/lostfilm.top/4#inet#fw4#vpn_domains
nftset=/lostfilm.tv/4#inet#fw4#vpn_domains
nftset=/lostfilm.win/4#inet#fw4#vpn_domains
nftset=/lostfilmtv2.site/4#inet#fw4#vpn_domains
nftset=/lostfilmtv5.site/4#inet#fw4#vpn_domains
nftset=/mangadex.org/4#inet#fw4#vpn_domains
nftset=/mangahub.ru/4#inet#fw4#vpn_domains
nftset=/mangapark.net/4#inet#fw4#vpn_domains
nftset=/mattermost.com/4#inet#fw4#vpn_domains
nftset=/microchip.com/4#inet#fw4#vpn_domains
nftset=/netflix.com/4#inet#fw4#vpn_domains
nftset=/netlify.com/4#inet#fw4#vpn_domains
nftset=/nnmclub.to/4#inet#fw4#vpn_domains
nftset=/php.su/4#inet#fw4#vpn_domains
nftset=/pornhub.com/4#inet#fw4#vpn_domains
nftset=/pornolab.net/4#inet#fw4#vpn_domains
nftset=/proton.me/4#inet#fw4#vpn_domains
nftset=/protonmail.ch/4#inet#fw4#vpn_domains
nftset=/protonmail.com/4#inet#fw4#vpn_domains
nftset=/protonvpn.com/4#inet#fw4#vpn_domains
nftset=/qualcomm.com/4#inet#fw4#vpn_domains
nftset=/quickconnect.to/4#inet#fw4#vpn_domains
nftset=/rezka.ag/4#inet#fw4#vpn_domains
nftset=/rezka.my/4#inet#fw4#vpn_domains
nftset=/rutor.info/4#inet#fw4#vpn_domains
nftset=/rutor.is/4#inet#fw4#vpn_domains
nftset=/rutor.org/4#inet#fw4#vpn_domains
nftset=/rutracker.cc/4#inet#fw4#vpn_domains
nftset=/rutracker.net/4#inet#fw4#vpn_domains
nftset=/rutracker.org/4#inet#fw4#vpn_domains
nftset=/rutracker.ru/4#inet#fw4#vpn_domains
nftset=/seasonvar.ru/4#inet#fw4#vpn_domains
nftset=/shikimori.me/4#inet#fw4#vpn_domains
nftset=/spotify.com/4#inet#fw4#vpn_domains
nftset=/themoviedb.org/4#inet#fw4#vpn_domains
nftset=/tmdb.org/4#inet#fw4#vpn_domains
nftset=/b-cdn.net/4#inet#fw4#vpn_domains
nftset=/tik-tokapi.com/4#inet#fw4#vpn_domains
nftset=/tiktok.com/4#inet#fw4#vpn_domains
nftset=/tiktokcdn-eu.com/4#inet#fw4#vpn_domains
nftset=/tiktokcdn-us.com/4#inet#fw4#vpn_domains
nftset=/tiktokcdn.com/4#inet#fw4#vpn_domains
nftset=/tiktokd.net/4#inet#fw4#vpn_domains
nftset=/tiktokd.org/4#inet#fw4#vpn_domains
nftset=/tiktokv.com/4#inet#fw4#vpn_domains
nftset=/tiktokv.us/4#inet#fw4#vpn_domains
nftset=/tiktokw.us/4#inet#fw4#vpn_domains
nftset=/twitpic.com/4#inet#fw4#vpn_domains
nftset=/twitter.biz/4#inet#fw4#vpn_domains
nftset=/twitter.com/4#inet#fw4#vpn_domains
nftset=/twitter.jp/4#inet#fw4#vpn_domains
nftset=/twittercommunity.com/4#inet#fw4#vpn_domains
nftset=/twitterflightschool.com/4#inet#fw4#vpn_domains
nftset=/twitterinc.com/4#inet#fw4#vpn_domains
nftset=/twitteroauth.com/4#inet#fw4#vpn_domains
nftset=/twitterstat.us/4#inet#fw4#vpn_domains
nftset=/ubnt.com/4#inet#fw4#vpn_domains
nftset=/x.com/4#inet#fw4#vpn_domains
nftset=/xerox.com/4#inet#fw4#vpn_domains
nftset=/xvideos.com/4#inet#fw4#vpn_domains
nftset=/3hentai.net/4#inet#fw4#vpn_domains
nftset=/e-hentai.org/4#inet#fw4#vpn_domains
nftset=/hentaiera.com/4#inet#fw4#vpn_domains
nftset=/hentaihand.com/4#inet#fw4#vpn_domains
nftset=/xboxservices.com/4#inet#fw4#vpn_domains
nftset=/xboxlive.com/4#inet#fw4#vpn_domains
nftset=/wbagora.com/4#inet#fw4#vpn_domains
nftset=/wbgames.com/4#inet#fw4#vpn_domains
nftset=/xbox.com/4#inet#fw4#vpn_domains
nftset=/googlevideo.com/4#inet#fw4#vpn_domains
nftset=/ggpht.com/4#inet#fw4#vpn_domains
nftset=/ytimg.com/4#inet#fw4#vpn_domains
nftset=/youtube.com/4#inet#fw4#vpn_domains
nftset=/play.google.com/4#inet#fw4#vpn_domains
nftset=/youtu.be/4#inet#fw4#vpn_domains
nftset=/youtube-nocookie.com/4#inet#fw4#vpn_domains
nftset=/googleapis.com/4#inet#fw4#vpn_domains
nftset=/youtubekids.com/4#inet#fw4#vpn_domains
nftset=/wide-youtube.l.google.com/4#inet#fw4#vpn_domains
nftset=/ytimg.l.google.com/4#inet#fw4#vpn_domains
nftset=/xboxab.com/4#inet#fw4#vpn_domains
nftset=/live.com/4#inet#fw4#vpn_domains
nftset=/msftconnecttest.com/4#inet#fw4#vpn_domains
nftset=/digicert.com/4#inet#fw4#vpn_domains
nftset=/lencr.org/4#inet#fw4#vpn_domains
nftset=/windowsupdate.com/4#inet#fw4#vpn_domains
nftset=/azurefd.net/4#inet#fw4#vpn_domains
nftset=/msn.com/4#inet#fw4#vpn_domains
nftset=/gamepass.com/4#inet#fw4#vpn_domains
nftset=/windows.net/4#inet#fw4#vpn_domains
nftset=/windows.com/4#inet#fw4#vpn_domains
nftset=/atwola.com/4#inet#fw4#vpn_domains
nftset=/usertrust.com/4#inet#fw4#vpn_domains
nftset=/microsoft.com/4#inet#fw4#vpn_domains
